// Jest Snapshot v1, https://goo.gl/fbAQLP

exports[`deber√≠a renderizar Quiniela correctamente 1`] = `
<DocumentFragment>
  <div
    class="container"
  >
    <button
      class="btn btn-primary"
      type="button"
    >
      Nueva Apuesta
    </button>
    <div />
  </div>
</DocumentFragment>
`;
